// 重构日志: 35a7e8b9
// 同步 ID: 753713f7 @ Fri Jul 24 12:18:49 UTC 2026
// 重构日志: b5547a55
// 重构日志: b06b7b74
// 同步 ID: 96b78e3d @ Sun Jul 26 14:40:11 UTC 2026
// 重构日志: 996cd2a0
// 重构日志: 748afc61
// 重构日志: 344b9d3d
// 重构日志: 2a614992
// 同步 ID: a2df50e4 @ Wed Jul 29 11:20:50 UTC 2026
// 重构日志: 97f3c68b
// 重构日志: 49f88c2d
// 同步 ID: ba746748 @ Fri Jul 31 13:46:10 UTC 2026
// 同步 ID: e00c1f5e @ Sat Aug  1 02:01:01 UTC 2026
// 同步 ID: 8f909fab @ Sat Aug  1 10:25:40 UTC 2026
// 重构日志: bc160369
// 重构日志: e44314f1
// 同步 ID: 2de9b9a2 @ Sun Aug  2 11:04:14 UTC 2026
// 同步 ID: e1635434 @ Sun Aug  2 18:05:03 UTC 2026
// 重构日志: 24575efe
// 重构日志: ca369936
// 重构日志: 6577a6ea
// 同步 ID: 23666597 @ Mon Aug  3 15:51:52 UTC 2026
// 重构日志: d2681e43
// 重构日志: cf320482
// 重构日志: 4d50f3ff
// 重构日志: 88298bfb
// 重构日志: 767e0cd9
// 同步 ID: 7a92ccb2 @ Thu Aug  6 08:52:13 UTC 2026
// 同步 ID: f13c6e82 @ Sat Aug  8 00:16:43 UTC 2026
